Resolving dependencies...
Downloading packages...
  _fe_analyzer_shared 85.0.0 (92.0.0 available)
  analyzer 7.6.0 (9.0.0 available)
  analyzer_plugin 0.13.4 (0.13.11 available)
  build 2.5.4 (4.0.3 available)
  build_config 1.1.2 (1.2.0 available)
  build_resolvers 2.5.4 (3.0.4 available)
  build_runner 2.5.4 (2.10.4 available)
  build_runner_core 9.1.2 (9.3.2 available)
  characters 1.4.0 (1.4.1 available)
  custom_lint_core 0.7.5 (0.8.1 available)
  custom_lint_visitor 1.0.0+7.7.0 (1.0.0+8.4.0 available)
  dart_style 3.1.1 (3.1.3 available)
  flutter_dotenv 5.2.1 (6.0.0 available)
  flutter_riverpod 2.6.1 (3.0.3 available)
  flutter_secure_storage_linux 1.2.3 (2.0.1 available)
  flutter_secure_storage_macos 3.1.3 (4.0.0 available)
  flutter_secure_storage_platform_interface 1.1.2 (2.0.1 available)
  flutter_secure_storage_web 1.2.1 (2.0.0 available)
  flutter_secure_storage_windows 3.1.2 (4.0.0 available)
  freezed 3.1.0 (3.2.3 available)
  go_router 14.8.1 (17.0.0 available)
  js 0.6.7 (0.7.2 available)
  json_serializable 6.9.5 (6.11.3 available)
  matcher 0.12.17 (0.12.18 available)
  material_color_utilities 0.11.1 (0.13.0 available)
  riverpod 2.6.1 (3.0.3 available)
  riverpod_annotation 2.6.1 (3.0.3 available)
  riverpod_generator 2.6.5 (3.0.3 available)
  shadcn_ui 0.39.14 (0.40.3 available)
  source_gen 2.0.0 (4.1.1 available)
  source_helper 1.3.7 (1.3.9 available)
  test_api 0.7.7 (0.7.8 available)
Got dependencies!
32 packages have newer versions incompatible with dependency constraints.
Try `flutter pub outdated` for more information.
00:00 +0: loading E:/SJ/frontend/test/saju_logic_test.dart
00:00 +0: Saju Logic Verification Calculate Saju for 1990-02-15 09:30 (Seoul)

=======================================
[留뚯꽭??濡쒖쭅 寃利?寃곌낵]
?낅젰: 1990??2??15??09??30遺?(?묐젰), ?쒖슱
---------------------------------------
?꾩＜: 寃쎌삤 (湲???
?붿＜: 臾댁씤 (??紐?
?쇱＜: ?좎궗 (湲???
?쒖＜: ?꾩쭊 (????
=======================================

00:00 +0 -1: Saju Logic Verification Calculate Saju for 1990-02-15 09:30 (Seoul) [E]
  Expected: '??
    Actual: '??
     Which: is different.
            Expected: ??              Actual: ??                      ^
             Differ at offset 0
  
  package:matcher                                     expect
  package:flutter_test/src/widget_tester.dart 473:18  expect
  test\saju_logic_test.dart 40:7                      main.<fn>.<fn>
  
00:00 +0 -1: Some tests failed.
